Testing Gemini API with key: EXISTS
node : Gemini Test 
Failed: 
[GoogleGenerativeAI 
Error]: Error fetching 
from https://generativelan
guage.googleapis.com/v1/mo
dels/gemini-1.5-flash:gene
rateContent: [404 Not 
Found] 
models/gemini-1.5-flash 
is not found for API 
version v1, or is not 
supported for 
generateContent. Call 
ListModels to see the 
list of available models 
and their supported 
methods.
At line:1 char:1
+ node test-gemini.js > 
test-output.txt 2>&1; cat 
test-output.txt
+ ~~~~~~~~~~~~~~~~~~~~~~~~
~~~~~~~~~~~~~~~~~~
    + CategoryInfo        
      : NotSpecified: (G  
  emini Test Fai...port   
 ed methods.:String) [    
], RemoteException
    + FullyQualifiedError 
   Id : NativeCommandErr  
  or
 
